2026-02-09 11:09:25,579 | INFO | ======================================================================
2026-02-09 11:09:25,579 | INFO | NIDS NETFLOW PIPELINE (CHUNK-BASED)
2026-02-09 11:09:25,580 | INFO | ======================================================================
2026-02-09 11:09:25,580 | INFO | Model: xgboost
2026-02-09 11:09:25,580 | INFO | Started at: 2026-02-09 11:09:25
2026-02-09 11:09:25,580 | INFO | ======================================================================
2026-02-09 11:09:25,581 | INFO | ======================================================================
2026-02-09 11:09:25,581 | INFO | SYSTEM INFORMATION
2026-02-09 11:09:25,581 | INFO | ======================================================================
2026-02-09 11:09:25,581 | INFO | Platform: Linux 6.6.87.2-microsoft-standard-WSL2
2026-02-09 11:09:25,581 | INFO | Python: 3.12.3
2026-02-09 11:09:25,582 | INFO | 
RAM:
2026-02-09 11:09:25,582 | INFO |   Total: 15.2 GB
2026-02-09 11:09:25,582 | INFO |   Available: 14.5 GB
2026-02-09 11:09:25,582 | INFO |   Used: 0.7 GB (4.9%)
2026-02-09 11:09:25,583 | INFO | 
CPU:
2026-02-09 11:09:25,584 | INFO |   Physical cores: 8
2026-02-09 11:09:25,584 | INFO |   Logical cores: 16
2026-02-09 11:09:25,584 | INFO | ======================================================================
2026-02-09 11:09:25,584 | INFO | 
======================================================================
2026-02-09 11:09:25,585 | INFO | STEP 1: PREPROCESSING (CHUNK-BASED)
2026-02-09 11:09:25,585 | INFO | ======================================================================
2026-02-09 11:09:25,585 | INFO | CSV → Parquet con chunk-based processing
2026-02-09 11:09:25,585 | INFO | Stratified split senza caricare tutto in RAM
2026-02-09 11:09:25,585 | INFO | ----------------------------------------------------------------------
2026-02-09 11:09:25,586 | INFO | ======================================================================
2026-02-09 11:09:25,586 | INFO | PREPROCESSING (RAM-SAFE)
2026-02-09 11:09:25,586 | INFO | ======================================================================
2026-02-09 11:09:25,586 | INFO | 
RAM Check:
2026-02-09 11:09:25,587 | INFO |   Totale: 15.2 GB
2026-02-09 11:09:25,587 | INFO |   Disponibile: 14.5 GB
2026-02-09 11:09:25,587 | INFO |   In uso: 4.9%
2026-02-09 11:09:25,587 | INFO |    RAM OK - usando 2 workers
2026-02-09 11:09:25,587 | INFO | 
Modalità: PARALLEL
2026-02-09 11:09:25,588 | INFO | Workers: 2
2026-02-09 11:09:25,588 | INFO | ======================================================================
2026-02-09 11:09:25,591 | INFO | 
======================================================================
2026-02-09 11:09:25,591 | INFO | PROCESSING: NF-UQ-NIDS-v2.csv (PARALLEL - 2 workers)
2026-02-09 11:09:25,592 | INFO | ======================================================================
2026-02-09 11:09:34,469 | INFO |   Chunk 2/152 (1.3%) - 0.2/s - ETA: 11.0min - PIDs: 2 - RAM: 11.8%
2026-02-09 11:09:42,715 | INFO |   Chunk 4/152 (2.6%) - 0.2/s - ETA: 10.5min - PIDs: 2 - RAM: 17.4%
2026-02-09 11:09:51,258 | INFO |   Chunk 6/152 (3.9%) - 0.2/s - ETA: 10.4min - PIDs: 2 - RAM: 17.4%
2026-02-09 11:09:58,862 | INFO |   Chunk 8/152 (5.3%) - 0.2/s - ETA: 10.0min - PIDs: 2 - RAM: 14.9%
2026-02-09 11:10:06,203 | INFO |   Chunk 10/152 (6.6%) - 0.2/s - ETA: 9.6min - PIDs: 2 - RAM: 17.4%
2026-02-09 11:10:13,738 | INFO |   Chunk 12/152 (7.9%) - 0.2/s - ETA: 9.3min - PIDs: 2 - RAM: 17.5%
2026-02-09 11:10:21,298 | INFO |   Chunk 14/152 (9.2%) - 0.3/s - ETA: 9.1min - PIDs: 2 - RAM: 16.4%
2026-02-09 11:10:29,576 | INFO |   Chunk 16/152 (10.5%) - 0.3/s - ETA: 9.1min - PIDs: 2 - RAM: 16.3%
2026-02-09 11:10:36,914 | INFO |   Chunk 18/152 (11.8%) - 0.3/s - ETA: 8.8min - PIDs: 2 - RAM: 16.4%
2026-02-09 11:10:44,092 | INFO |   Chunk 20/152 (13.2%) - 0.3/s - ETA: 8.6min - PIDs: 2 - RAM: 17.6%
2026-02-09 11:10:51,447 | INFO |   Chunk 22/152 (14.5%) - 0.3/s - ETA: 8.4min - PIDs: 2 - RAM: 16.4%
2026-02-09 11:10:59,199 | INFO |   Chunk 24/152 (15.8%) - 0.3/s - ETA: 8.3min - PIDs: 2 - RAM: 17.6%
2026-02-09 11:11:06,193 | INFO |   Chunk 26/152 (17.1%) - 0.3/s - ETA: 8.1min - PIDs: 2 - RAM: 17.7%
2026-02-09 11:11:13,019 | INFO |   Chunk 28/152 (18.4%) - 0.3/s - ETA: 7.9min - PIDs: 2 - RAM: 17.7%
2026-02-09 11:11:19,798 | INFO |   Chunk 30/152 (19.7%) - 0.3/s - ETA: 7.7min - PIDs: 2 - RAM: 17.4%
2026-02-09 11:11:26,733 | INFO |   Chunk 32/152 (21.1%) - 0.3/s - ETA: 7.6min - PIDs: 2 - RAM: 17.5%
2026-02-09 11:11:34,304 | INFO |   Chunk 34/152 (22.4%) - 0.3/s - ETA: 7.4min - PIDs: 2 - RAM: 16.3%
2026-02-09 11:11:41,287 | INFO |   Chunk 36/152 (23.7%) - 0.3/s - ETA: 7.3min - PIDs: 2 - RAM: 16.4%
2026-02-09 11:11:48,199 | INFO |   Chunk 38/152 (25.0%) - 0.3/s - ETA: 7.1min - PIDs: 2 - RAM: 15.2%
2026-02-09 11:11:54,999 | INFO |   Chunk 40/152 (26.3%) - 0.3/s - ETA: 7.0min - PIDs: 2 - RAM: 16.4%
2026-02-09 11:12:02,534 | INFO |   Chunk 42/152 (27.6%) - 0.3/s - ETA: 6.8min - PIDs: 2 - RAM: 16.4%
2026-02-09 11:12:09,499 | INFO |   Chunk 44/152 (28.9%) - 0.3/s - ETA: 6.7min - PIDs: 2 - RAM: 17.7%
2026-02-09 11:12:16,331 | INFO |   Chunk 46/152 (30.3%) - 0.3/s - ETA: 6.6min - PIDs: 2 - RAM: 17.7%
2026-02-09 11:12:23,143 | INFO |   Chunk 48/152 (31.6%) - 0.3/s - ETA: 6.4min - PIDs: 2 - RAM: 17.7%
2026-02-09 11:12:29,913 | INFO |   Chunk 50/152 (32.9%) - 0.3/s - ETA: 6.3min - PIDs: 2 - RAM: 17.6%
2026-02-09 11:12:37,379 | INFO |   Chunk 52/152 (34.2%) - 0.3/s - ETA: 6.1min - PIDs: 2 - RAM: 17.6%
2026-02-09 11:12:44,441 | INFO |   Chunk 54/152 (35.5%) - 0.3/s - ETA: 6.0min - PIDs: 2 - RAM: 17.7%
2026-02-09 11:12:51,328 | INFO |   Chunk 56/152 (36.8%) - 0.3/s - ETA: 5.9min - PIDs: 2 - RAM: 16.4%
2026-02-09 11:12:58,218 | INFO |   Chunk 58/152 (38.2%) - 0.3/s - ETA: 5.7min - PIDs: 2 - RAM: 17.6%
2026-02-09 11:13:05,165 | INFO |   Chunk 60/152 (39.5%) - 0.3/s - ETA: 5.6min - PIDs: 2 - RAM: 17.7%
2026-02-09 11:13:12,959 | INFO |   Chunk 62/152 (40.8%) - 0.3/s - ETA: 5.5min - PIDs: 2 - RAM: 16.5%
2026-02-09 11:13:19,973 | INFO |   Chunk 64/152 (42.1%) - 0.3/s - ETA: 5.4min - PIDs: 2 - RAM: 16.4%
2026-02-09 11:13:27,044 | INFO |   Chunk 66/152 (43.4%) - 0.3/s - ETA: 5.2min - PIDs: 2 - RAM: 16.5%
2026-02-09 11:13:34,038 | INFO |   Chunk 68/152 (44.7%) - 0.3/s - ETA: 5.1min - PIDs: 2 - RAM: 15.2%
2026-02-09 11:13:41,799 | INFO |   Chunk 70/152 (46.1%) - 0.3/s - ETA: 5.0min - PIDs: 2 - RAM: 16.5%
2026-02-09 11:13:48,968 | INFO |   Chunk 72/152 (47.4%) - 0.3/s - ETA: 4.9min - PIDs: 2 - RAM: 16.4%
2026-02-09 11:13:56,058 | INFO |   Chunk 74/152 (48.7%) - 0.3/s - ETA: 4.8min - PIDs: 2 - RAM: 17.7%
2026-02-09 11:14:03,357 | INFO |   Chunk 76/152 (50.0%) - 0.3/s - ETA: 4.6min - PIDs: 2 - RAM: 17.6%
2026-02-09 11:14:10,631 | INFO |   Chunk 78/152 (51.3%) - 0.3/s - ETA: 4.5min - PIDs: 2 - RAM: 17.7%
2026-02-09 11:14:18,531 | INFO |   Chunk 80/152 (52.6%) - 0.3/s - ETA: 4.4min - PIDs: 2 - RAM: 16.4%
2026-02-09 11:14:25,337 | INFO |   Chunk 82/152 (53.9%) - 0.3/s - ETA: 4.3min - PIDs: 2 - RAM: 17.7%
2026-02-09 11:14:32,176 | INFO |   Chunk 84/152 (55.3%) - 0.3/s - ETA: 4.1min - PIDs: 2 - RAM: 16.5%
2026-02-09 11:14:39,208 | INFO |   Chunk 86/152 (56.6%) - 0.3/s - ETA: 4.0min - PIDs: 2 - RAM: 17.7%
2026-02-09 11:14:46,959 | INFO |   Chunk 88/152 (57.9%) - 0.3/s - ETA: 3.9min - PIDs: 2 - RAM: 17.7%
2026-02-09 11:14:53,946 | INFO |   Chunk 90/152 (59.2%) - 0.3/s - ETA: 3.8min - PIDs: 2 - RAM: 16.4%
2026-02-09 11:15:00,811 | INFO |   Chunk 92/152 (60.5%) - 0.3/s - ETA: 3.6min - PIDs: 2 - RAM: 17.7%
2026-02-09 11:15:07,717 | INFO |   Chunk 94/152 (61.8%) - 0.3/s - ETA: 3.5min - PIDs: 2 - RAM: 16.5%
2026-02-09 11:15:14,925 | INFO |   Chunk 96/152 (63.2%) - 0.3/s - ETA: 3.4min - PIDs: 2 - RAM: 16.4%
2026-02-09 11:15:22,546 | INFO |   Chunk 98/152 (64.5%) - 0.3/s - ETA: 3.3min - PIDs: 2 - RAM: 17.7%
2026-02-09 11:15:29,687 | INFO |   Chunk 100/152 (65.8%) - 0.3/s - ETA: 3.2min - PIDs: 2 - RAM: 17.7%
2026-02-09 11:15:36,586 | INFO |   Chunk 102/152 (67.1%) - 0.3/s - ETA: 3.0min - PIDs: 2 - RAM: 16.4%
2026-02-09 11:15:43,395 | INFO |   Chunk 104/152 (68.4%) - 0.3/s - ETA: 2.9min - PIDs: 2 - RAM: 16.5%
2026-02-09 11:15:50,334 | INFO |   Chunk 106/152 (69.7%) - 0.3/s - ETA: 2.8min - PIDs: 2 - RAM: 16.4%
2026-02-09 11:15:57,893 | INFO |   Chunk 108/152 (71.1%) - 0.3/s - ETA: 2.7min - PIDs: 2 - RAM: 16.5%
2026-02-09 11:16:04,921 | INFO |   Chunk 110/152 (72.4%) - 0.3/s - ETA: 2.5min - PIDs: 2 - RAM: 17.7%
2026-02-09 11:16:11,797 | INFO |   Chunk 112/152 (73.7%) - 0.3/s - ETA: 2.4min - PIDs: 2 - RAM: 17.8%
2026-02-09 11:16:18,440 | INFO |   Chunk 114/152 (75.0%) - 0.3/s - ETA: 2.3min - PIDs: 2 - RAM: 17.6%
2026-02-09 11:16:25,747 | INFO |   Chunk 116/152 (76.3%) - 0.3/s - ETA: 2.2min - PIDs: 2 - RAM: 16.5%
2026-02-09 11:16:32,861 | INFO |   Chunk 118/152 (77.6%) - 0.3/s - ETA: 2.1min - PIDs: 2 - RAM: 17.8%
2026-02-09 11:16:39,718 | INFO |   Chunk 120/152 (78.9%) - 0.3/s - ETA: 1.9min - PIDs: 2 - RAM: 16.6%
2026-02-09 11:16:46,655 | INFO |   Chunk 122/152 (80.3%) - 0.3/s - ETA: 1.8min - PIDs: 2 - RAM: 17.8%
2026-02-09 11:16:53,465 | INFO |   Chunk 124/152 (81.6%) - 0.3/s - ETA: 1.7min - PIDs: 2 - RAM: 16.5%
2026-02-09 11:17:00,939 | INFO |   Chunk 126/152 (82.9%) - 0.3/s - ETA: 1.6min - PIDs: 2 - RAM: 17.7%
2026-02-09 11:17:07,928 | INFO |   Chunk 128/152 (84.2%) - 0.3/s - ETA: 1.4min - PIDs: 2 - RAM: 17.8%
2026-02-09 11:17:14,966 | INFO |   Chunk 130/152 (85.5%) - 0.3/s - ETA: 1.3min - PIDs: 2 - RAM: 17.8%
2026-02-09 11:17:21,940 | INFO |   Chunk 132/152 (86.8%) - 0.3/s - ETA: 1.2min - PIDs: 2 - RAM: 17.8%
2026-02-09 11:17:29,108 | INFO |   Chunk 134/152 (88.2%) - 0.3/s - ETA: 1.1min - PIDs: 2 - RAM: 16.6%
2026-02-09 11:17:36,648 | INFO |   Chunk 136/152 (89.5%) - 0.3/s - ETA: 1.0min - PIDs: 2 - RAM: 16.5%
2026-02-09 11:17:43,768 | INFO |   Chunk 138/152 (90.8%) - 0.3/s - ETA: 0.8min - PIDs: 2 - RAM: 17.8%
2026-02-09 11:17:50,968 | INFO |   Chunk 140/152 (92.1%) - 0.3/s - ETA: 0.7min - PIDs: 2 - RAM: 16.5%
2026-02-09 11:17:58,303 | INFO |   Chunk 142/152 (93.4%) - 0.3/s - ETA: 0.6min - PIDs: 2 - RAM: 16.5%
2026-02-09 11:18:05,976 | INFO |   Chunk 144/152 (94.7%) - 0.3/s - ETA: 0.5min - PIDs: 2 - RAM: 17.7%
2026-02-09 11:18:12,688 | INFO |   Chunk 146/152 (96.1%) - 0.3/s - ETA: 0.4min - PIDs: 2 - RAM: 16.4%
2026-02-09 11:18:19,633 | INFO |   Chunk 148/152 (97.4%) - 0.3/s - ETA: 0.2min - PIDs: 2 - RAM: 17.7%
2026-02-09 11:18:26,694 | INFO |   Chunk 150/152 (98.7%) - 0.3/s - ETA: 0.1min - PIDs: 2 - RAM: 16.4%
2026-02-09 11:18:34,100 | INFO |   Chunk 152/152 (100.0%) - 0.3/s - ETA: 0.0min - PIDs: 2 - RAM: 15.2%
2026-02-09 11:18:34,157 | INFO | 
   Completato - Worker PIDs: [1528, 1529]
2026-02-09 11:18:34,212 | INFO | 
======================================================================
2026-02-09 11:18:34,213 | INFO | DATASET COMPLETO
2026-02-09 11:18:34,213 | INFO | ======================================================================
2026-02-09 11:18:34,213 | INFO | Benign: 25,165,295 (33.12%)
2026-02-09 11:18:34,213 | INFO | Attack: 50,822,681 (66.88%)
2026-02-09 11:18:34,214 | INFO | Totale: 75,987,976
2026-02-09 11:18:34,214 | INFO | 
======================================================================
2026-02-09 11:18:34,214 | INFO | SPLIT STRATIFICATO
2026-02-09 11:18:34,214 | INFO | ======================================================================
2026-02-09 11:18:34,636 | INFO |   Benign: 25,165,295
2026-02-09 11:18:34,637 | INFO |   Attack: 50,822,681
2026-02-09 11:19:12,229 | INFO |   Batch 10 - 6.6% - RAM: 14.2%
2026-02-09 11:19:53,571 | INFO |   Batch 20 - 13.2% - RAM: 14.5%
2026-02-09 11:20:34,785 | INFO |   Batch 30 - 19.7% - RAM: 14.4%
2026-02-09 11:21:15,449 | INFO |   Batch 40 - 26.3% - RAM: 14.5%
2026-02-09 11:21:56,894 | INFO |   Batch 50 - 32.9% - RAM: 14.5%
2026-02-09 11:22:37,313 | INFO |   Batch 60 - 39.5% - RAM: 14.5%
2026-02-09 11:23:17,352 | INFO |   Batch 70 - 46.1% - RAM: 14.6%
2026-02-09 11:23:57,801 | INFO |   Batch 80 - 52.6% - RAM: 14.5%
2026-02-09 11:24:41,821 | INFO |   Batch 90 - 59.2% - RAM: 14.5%
2026-02-09 11:25:23,414 | INFO |   Batch 100 - 65.8% - RAM: 14.6%
2026-02-09 11:26:04,689 | INFO |   Batch 110 - 72.4% - RAM: 14.3%
2026-02-09 11:26:45,795 | INFO |   Batch 120 - 79.0% - RAM: 14.5%
2026-02-09 11:27:27,328 | INFO |   Batch 130 - 85.5% - RAM: 14.5%
2026-02-09 11:28:08,822 | INFO |   Batch 140 - 92.1% - RAM: 14.6%
2026-02-09 11:28:50,357 | INFO |   Batch 150 - 98.7% - RAM: 14.6%
2026-02-09 11:29:02,821 | INFO | 
Verifica split:
2026-02-09 11:29:03,075 | INFO |   train: B=17,615,707 (33.12%)  A=35,575,877 (66.88%)  Tot=53,191,584
2026-02-09 11:29:03,160 | INFO |   val  : B=3,774,794 (33.12%)  A=7,623,402 (66.88%)  Tot=11,398,196
2026-02-09 11:29:03,239 | INFO |   test : B=3,774,794 (33.12%)  A=7,623,402 (66.88%)  Tot=11,398,196
2026-02-09 11:29:03,436 | INFO | 
======================================================================
2026-02-09 11:29:03,436 | INFO |  COMPLETATO
2026-02-09 11:29:03,436 | INFO | ======================================================================
2026-02-09 11:29:03,437 | INFO | Modalità: PARALLEL
2026-02-09 11:29:03,437 | INFO | Train: 53,191,584
2026-02-09 11:29:03,437 | INFO | Val:   11,398,196
2026-02-09 11:29:03,437 | INFO | Test:  11,398,196
2026-02-09 11:29:03,437 | INFO | 
Prossimo: python srcNF/feature_engineering.py
2026-02-09 11:29:03,438 | INFO | ======================================================================
2026-02-09 11:29:03,438 | INFO | 
 Preprocessing completato in 1177.9s (19.6 min)
2026-02-09 11:29:03,438 | INFO | 
======================================================================
2026-02-09 11:29:03,438 | INFO | STEP 2: FEATURE ENGINEERING (CHUNK-BASED)
2026-02-09 11:29:03,438 | INFO | ======================================================================
2026-02-09 11:29:03,439 | INFO | Scaler fitted su sample rappresentativo (CON outlier)
2026-02-09 11:29:03,439 | INFO | Scaling applicato chunk-by-chunk
2026-02-09 11:29:03,439 | INFO | ----------------------------------------------------------------------
2026-02-09 11:29:03,439 | INFO | ======================================================================
2026-02-09 11:29:03,440 | INFO | FEATURE ENGINEERING - AGGREGATE SCALER (LIVE SNIFFER READY)
2026-02-09 11:29:03,440 | INFO | ======================================================================
2026-02-09 11:29:03,440 | INFO | RAM: 13.4% usata
2026-02-09 11:29:03,441 | INFO | Strategia: Aggregate statistics su TUTTO il dataset
2026-02-09 11:29:03,441 | INFO | IMPORTANTE: Mantiene TUTTI gli outlier per live detection
2026-02-09 11:29:03,441 | INFO | ======================================================================
2026-02-09 11:29:03,442 | INFO | 
STEP 1: Feature selection (su sample)
2026-02-09 11:29:03,443 | INFO | Caricamento sample...
2026-02-09 11:29:03,565 | INFO |   Sample: 500,000 righe
2026-02-09 11:29:03,565 | INFO | 
Selezione feature dal dataset...
2026-02-09 11:29:03,566 | INFO |   Feature numeriche totali: 44
2026-02-09 11:29:03,566 | INFO |   Dopo rimozione label: 41
2026-02-09 11:29:03,566 | INFO |   Feature rimosse da config: 14
2026-02-09 11:29:03,566 | INFO |    Feature selezionate: 27
2026-02-09 11:29:03,605 | INFO | 
======================================================================
2026-02-09 11:29:03,605 | INFO | STEP 2: ANALISI FEATURE SU TUTTO IL DATASET
2026-02-09 11:29:03,605 | INFO | ======================================================================
2026-02-09 11:29:03,605 | INFO | 
Analisi varianza feature (chunk-based)...
2026-02-09 11:29:03,606 | INFO |   Feature da analizzare: 27
2026-02-09 11:29:09,107 | INFO |     Analizzati 50 chunk - RAM: 16.5%
2026-02-09 11:29:14,335 | INFO |     Analizzati 100 chunk - RAM: 16.5%
2026-02-09 11:29:15,021 | INFO |    Nessuna feature a varianza zero
2026-02-09 11:29:15,023 | INFO | 
Rimozione feature correlate (su sample 100,000)...
2026-02-09 11:29:15,210 | INFO |   Sample caricato: 100,000 righe
2026-02-09 11:29:15,299 | INFO |   Trovate 3 feature correlate (>0.95)
2026-02-09 11:29:15,299 | INFO |    Rimanenti: 24 feature
2026-02-09 11:29:15,322 | INFO | 
======================================================================
2026-02-09 11:29:15,322 | INFO | FEATURE FINALI: 24
2026-02-09 11:29:15,322 | INFO | ======================================================================
2026-02-09 11:29:15,322 | INFO | 
======================================================================
2026-02-09 11:29:15,323 | INFO | STEP 3: AGGREGATE SCALER SU TUTTO IL DATASET
2026-02-09 11:29:15,323 | INFO | ======================================================================
2026-02-09 11:29:15,323 | INFO | 
Calcolo statistiche aggregate per scaler...
2026-02-09 11:29:15,323 | INFO |   Strategia: Calcola Q1, median, Q3 per chunk, poi aggrega
2026-02-09 11:29:15,323 | INFO |   Feature: 24
2026-02-09 11:29:15,324 | INFO |   IMPORTANTE: Mantiene TUTTI gli outlier!
2026-02-09 11:29:15,332 | INFO |   Total rows: 53,191,584
2026-02-09 11:29:23,893 | INFO |     Chunk 20 - Processed: 10,000,000/53,191,584 (18.8%) - RAM: 16.7%
2026-02-09 11:29:32,955 | INFO |     Chunk 40 - Processed: 20,000,000/53,191,584 (37.6%) - RAM: 16.7%
2026-02-09 11:29:41,893 | INFO |     Chunk 60 - Processed: 30,000,000/53,191,584 (56.4%) - RAM: 16.7%
2026-02-09 11:29:50,651 | INFO |     Chunk 80 - Processed: 40,000,000/53,191,584 (75.2%) - RAM: 16.7%
2026-02-09 11:29:59,394 | INFO |     Chunk 100 - Processed: 50,000,000/53,191,584 (94.0%) - RAM: 16.7%
2026-02-09 11:30:02,218 | INFO | 
   Statistiche calcolate per 107 chunk
2026-02-09 11:30:02,218 | INFO |   Aggregazione finale...
2026-02-09 11:30:02,219 | INFO |    Statistiche aggregate calcolate
2026-02-09 11:30:02,219 | INFO |   RAM: 16.7%
2026-02-09 11:30:02,221 | INFO | 
Creazione RobustScaler da statistiche aggregate...
2026-02-09 11:30:02,221 | INFO |    RobustScaler creato
2026-02-09 11:30:02,221 | INFO |   Features: 24
2026-02-09 11:30:02,221 | INFO |   IQR medio: 255496.6879
2026-02-09 11:30:02,222 | INFO |   IQR min: 1.0000
2026-02-09 11:30:02,222 | INFO |   IQR max: 4294029.0000
2026-02-09 11:30:02,254 | INFO | 
======================================================================
2026-02-09 11:30:02,254 | INFO | STEP 4: SCALING DATASETS
2026-02-09 11:30:02,254 | INFO | ======================================================================
2026-02-09 11:30:02,255 | INFO | 
Scaling train set...
2026-02-09 11:30:02,255 | INFO | 
Scaling: train.parquet → train_scaled.parquet
2026-02-09 11:30:02,255 | INFO |   Chunk size: 500,000 righe
2026-02-09 11:30:02,264 | INFO |   Total rows: 53,191,584
2026-02-09 11:30:21,620 | INFO |     Processed: 10,000,000/53,191,584 (18.8%) - RAM: 15.9%
2026-02-09 11:30:41,058 | INFO |     Processed: 20,000,000/53,191,584 (37.6%) - RAM: 16.1%
2026-02-09 11:31:00,081 | INFO |     Processed: 30,000,000/53,191,584 (56.4%) - RAM: 16.1%
2026-02-09 11:31:19,906 | INFO |     Processed: 40,000,000/53,191,584 (75.2%) - RAM: 16.2%
2026-02-09 11:31:38,737 | INFO |     Processed: 50,000,000/53,191,584 (94.0%) - RAM: 16.3%
2026-02-09 11:31:45,782 | INFO |    Scaling completato: 53,191,584 righe
2026-02-09 11:31:45,811 | INFO |    train_scaled.parquet (2123.3 MB)
2026-02-09 11:31:45,833 | INFO | 
Scaling val set...
2026-02-09 11:31:45,833 | INFO | 
Scaling: val.parquet → val_scaled.parquet
2026-02-09 11:31:45,833 | INFO |   Chunk size: 500,000 righe
2026-02-09 11:31:45,843 | INFO |   Total rows: 11,398,196
2026-02-09 11:32:05,161 | INFO |     Processed: 10,000,000/11,398,196 (87.7%) - RAM: 16.0%
2026-02-09 11:32:08,011 | INFO |    Scaling completato: 11,398,196 righe
2026-02-09 11:32:08,041 | INFO |    val_scaled.parquet (455.0 MB)
2026-02-09 11:32:08,074 | INFO | 
Scaling test set...
2026-02-09 11:32:08,074 | INFO | 
Scaling: test.parquet → test_scaled.parquet
2026-02-09 11:32:08,075 | INFO |   Chunk size: 500,000 righe
2026-02-09 11:32:08,084 | INFO |   Total rows: 11,398,196
2026-02-09 11:32:29,979 | INFO |     Processed: 10,000,000/11,398,196 (87.7%) - RAM: 15.7%
2026-02-09 11:32:32,994 | INFO |    Scaling completato: 11,398,196 righe
2026-02-09 11:32:33,022 | INFO |    test_scaled.parquet (455.1 MB)
2026-02-09 11:32:33,039 | INFO | 
======================================================================
2026-02-09 11:32:33,039 | INFO | STEP 5: SALVATAGGIO ARTIFACTS
2026-02-09 11:32:33,040 | INFO | ======================================================================
2026-02-09 11:32:33,040 | INFO | 
Salvataggio artifacts in /mnt/e/ReposGit/NIDSV2NETFLOW/NIDS-ML-SSR2/artifacts
2026-02-09 11:32:33,043 | INFO |    scaler.pkl
2026-02-09 11:32:33,050 | INFO |    features.json
2026-02-09 11:32:33,056 | INFO |    features.txt
2026-02-09 11:32:33,057 | INFO | 
======================================================================
2026-02-09 11:32:33,057 | INFO |  FEATURE ENGINEERING COMPLETATO
2026-02-09 11:32:33,057 | INFO | ======================================================================
2026-02-09 11:32:33,057 | INFO | Feature: 24
2026-02-09 11:32:33,057 | INFO | Scaler: RobustScaler (aggregate su 53,191,584 righe)
2026-02-09 11:32:33,058 | INFO | Outlier: TUTTI MANTENUTI (essenziale per live sniffer)
2026-02-09 11:32:33,058 | INFO | Inf handling: Post-scaling replacement con ±1e10
2026-02-09 11:32:33,058 | INFO | 
PROSSIMI PASSI:
2026-02-09 11:32:33,058 | INFO |   python srcNF/training_incremental.py --model xgboost
2026-02-09 11:32:33,058 | INFO |   python srcNF/training_incremental.py --model lightgbm
2026-02-09 11:32:33,059 | INFO | ======================================================================
2026-02-09 11:32:33,061 | INFO | 
 Feature engineering completato in 209.6s (3.5 min)
2026-02-09 11:32:33,061 | INFO | 
======================================================================
2026-02-09 11:32:33,062 | INFO | STEP 3: TRAINING
2026-02-09 11:32:33,062 | INFO | ======================================================================
2026-02-09 11:32:33,062 | INFO | Modello: xgboost
2026-02-09 11:32:33,062 | INFO | Training data caricato in memoria
2026-02-09 11:32:33,062 | INFO | Validation/Test con chunk-based data loaders
2026-02-09 11:32:33,063 | INFO | ----------------------------------------------------------------------
2026-02-09 11:32:33,063 | INFO | ======================================================================
2026-02-09 11:32:33,063 | INFO | TRAINING INCREMENTAL - XGBOOST
2026-02-09 11:32:33,063 | INFO | ======================================================================
2026-02-09 11:32:33,064 | INFO | RAM iniziale: 15.2%
2026-02-09 11:32:33,064 | INFO | Training su TUTTO il dataset (chunk-based)
2026-02-09 11:32:33,064 | INFO | ======================================================================
2026-02-09 11:32:33,064 | INFO | 
STEP 1: Caricamento artifacts
2026-02-09 11:32:33,064 | INFO | Caricamento artifacts da /mnt/e/ReposGit/NIDSV2NETFLOW/NIDS-ML-SSR2/artifacts
2026-02-09 11:32:33,069 | INFO |    Scaler caricato (aggregate)
2026-02-09 11:32:33,069 | INFO |    24 feature
2026-02-09 11:32:33,069 | INFO |    24 feature
2026-02-09 11:32:33,069 | INFO | 
======================================================================
2026-02-09 11:32:33,070 | INFO | STEP 2: SETUP DATA LOADERS
2026-02-09 11:32:33,070 | INFO | ======================================================================
2026-02-09 11:32:33,089 | INFO |    Train: 53,191,584 samples
2026-02-09 11:32:33,089 | INFO |    Val: 11,398,196 samples
2026-02-09 11:32:33,090 | INFO |    Test: 11,398,196 samples
2026-02-09 11:32:33,090 | INFO | 
======================================================================
2026-02-09 11:32:33,090 | INFO | TRAINING XGBOOST INCREMENTAL
2026-02-09 11:32:33,090 | INFO | ======================================================================
2026-02-09 11:32:33,091 | INFO | Train samples: 53,191,584
2026-02-09 11:32:33,091 | INFO | Chunk size: 250,000
2026-02-09 11:32:33,091 | INFO | Strategia: Warm start con xgb_model
2026-02-09 11:32:33,091 | INFO | Trees per chunk: 10
2026-02-09 11:32:33,091 | INFO | Total chunks: 213
2026-02-09 11:32:33,092 | INFO | Total trees: ~200
2026-02-09 11:32:33,092 | INFO | 
======================================================================
2026-02-09 11:32:33,092 | INFO | PASS 1/1
2026-02-09 11:32:33,092 | INFO | ======================================================================
2026-02-09 11:32:35,093 | INFO |   Pass 1 - Chunk 10 - Trained: 2,500,000 - RAM: 14.1%
2026-02-09 11:32:37,091 | INFO |   Pass 1 - Chunk 20 - Trained: 5,000,000 - RAM: 14.3%
2026-02-09 11:32:39,926 | INFO |   Pass 1 - Chunk 30 - Trained: 7,500,000 - RAM: 14.4%
2026-02-09 11:32:43,377 | INFO |   Pass 1 - Chunk 40 - Trained: 10,000,000 - RAM: 14.4%
2026-02-09 11:32:48,181 | INFO |   Pass 1 - Chunk 50 - Trained: 12,500,000 - RAM: 14.4%
2026-02-09 11:32:52,569 | INFO |   Pass 1 - Chunk 60 - Trained: 15,000,000 - RAM: 14.5%
2026-02-09 11:32:57,015 | INFO |   Pass 1 - Chunk 70 - Trained: 17,500,000 - RAM: 14.5%
2026-02-09 11:33:01,668 | INFO |   Pass 1 - Chunk 80 - Trained: 20,000,000 - RAM: 14.6%
2026-02-09 11:33:06,672 | INFO |   Pass 1 - Chunk 90 - Trained: 22,500,000 - RAM: 14.6%
2026-02-09 11:33:11,867 | INFO |   Pass 1 - Chunk 100 - Trained: 25,000,000 - RAM: 14.6%
2026-02-09 11:33:17,198 | INFO |   Pass 1 - Chunk 110 - Trained: 27,500,000 - RAM: 14.6%
2026-02-09 11:33:24,489 | INFO |   Pass 1 - Chunk 120 - Trained: 30,000,000 - RAM: 14.6%
2026-02-09 11:33:31,087 | INFO |   Pass 1 - Chunk 130 - Trained: 32,500,000 - RAM: 14.6%
2026-02-09 11:33:38,279 | INFO |   Pass 1 - Chunk 140 - Trained: 35,000,000 - RAM: 14.6%
2026-02-09 11:33:46,343 | INFO |   Pass 1 - Chunk 150 - Trained: 37,500,000 - RAM: 14.6%
2026-02-09 11:33:54,051 | INFO |   Pass 1 - Chunk 160 - Trained: 40,000,000 - RAM: 14.6%
2026-02-09 11:34:02,658 | INFO |   Pass 1 - Chunk 170 - Trained: 42,500,000 - RAM: 14.7%
2026-02-09 11:34:10,831 | INFO |   Pass 1 - Chunk 180 - Trained: 45,000,000 - RAM: 14.7%
2026-02-09 11:34:19,718 | INFO |   Pass 1 - Chunk 190 - Trained: 47,500,000 - RAM: 14.7%
2026-02-09 11:34:29,533 | INFO |   Pass 1 - Chunk 200 - Trained: 50,000,000 - RAM: 14.7%
2026-02-09 11:34:38,946 | INFO |   Pass 1 - Chunk 210 - Trained: 52,500,000 - RAM: 14.7%
2026-02-09 11:34:41,672 | INFO |    Pass 1 completato - Total chunks: 213
2026-02-09 11:34:41,672 | INFO | 
  Validation dopo pass 1...
2026-02-09 11:35:21,678 | INFO |   Accuracy: 0.9797 | F1: 0.9848 | Recall: 0.9824
2026-02-09 11:35:21,703 | INFO | 
 Training XGBoost completato
2026-02-09 11:35:21,703 | INFO |   Total samples trained: 53,191,584
2026-02-09 11:35:21,703 | INFO |   RAM: 15.9%
2026-02-09 11:35:21,703 | INFO | 
  Training time: 168.6s (2.8 min)
2026-02-09 11:35:21,716 | INFO | 
======================================================================
2026-02-09 11:35:21,716 | INFO | STEP 4: FINAL EVALUATION
2026-02-09 11:35:21,716 | INFO | ======================================================================
2026-02-09 11:35:21,716 | INFO | 
Validation set...
2026-02-09 11:36:02,847 | INFO | 
Test set...
2026-02-09 11:36:42,937 | INFO | 
======================================================================
2026-02-09 11:36:42,937 | INFO | STEP 5: SALVATAGGIO
2026-02-09 11:36:42,937 | INFO | ======================================================================
2026-02-09 11:36:42,978 | INFO | 
   Modello: /mnt/e/ReposGit/NIDSV2NETFLOW/NIDS-ML-SSR2/models/xgboost/model.pkl
2026-02-09 11:36:42,988 | INFO |    Metrics: /mnt/e/ReposGit/NIDSV2NETFLOW/NIDS-ML-SSR2/models/xgboost/metrics.json
2026-02-09 11:36:42,988 | INFO | 
======================================================================
2026-02-09 11:36:42,988 | INFO |  TRAINING INCREMENTAL COMPLETATO
2026-02-09 11:36:42,989 | INFO | ======================================================================
2026-02-09 11:36:42,989 | INFO | Modello: xgboost
2026-02-09 11:36:42,989 | INFO | Training method: Incremental (tutti i 53,191,584 samples)
2026-02-09 11:36:42,989 | INFO | Training time: 2.8 min
2026-02-09 11:36:42,989 | INFO | Salvato: /mnt/e/ReposGit/NIDSV2NETFLOW/NIDS-ML-SSR2/models/xgboost/model.pkl
2026-02-09 11:36:42,990 | INFO | 
PERFORMANCE TEST SET:
2026-02-09 11:36:42,990 | INFO |   Accuracy:  0.9797
2026-02-09 11:36:42,990 | INFO |   Precision: 0.9873
2026-02-09 11:36:42,990 | INFO |   Recall:    0.9824
2026-02-09 11:36:42,991 | INFO |   F1 Score:  0.9848
2026-02-09 11:36:42,991 | INFO |   FPR:       0.0256
2026-02-09 11:36:42,991 | INFO |   FNR:       0.0176
2026-02-09 11:36:42,991 | INFO | 
RAM finale: 16.5%
2026-02-09 11:36:42,992 | INFO | ======================================================================
2026-02-09 11:36:42,996 | INFO | 
 Training completato in 249.9s (4.2 min)
2026-02-09 11:36:42,997 | INFO | 
======================================================================
2026-02-09 11:36:42,997 | INFO |  PIPELINE COMPLETATA CON SUCCESSO
2026-02-09 11:36:42,997 | INFO | ======================================================================
2026-02-09 11:36:42,997 | INFO | Tempo totale: 1637.4s (27.3 min)
2026-02-09 11:36:42,998 | INFO | Modello: xgboost
2026-02-09 11:36:42,998 | INFO | Completed at: 2026-02-09 11:36:42
2026-02-09 11:36:42,998 | INFO | ======================================================================

============================================================
VALIDATION
============================================================
Accuracy:  0.9797
Precision: 0.9872
Recall:    0.9824
F1 Score:  0.9848
FPR:       0.0257
FNR:       0.0176

Confusion Matrix:
  TP: 7,489,250  FN:  134,152
  FP:   97,143  TN: 3,677,651
============================================================


============================================================
TEST
============================================================
Accuracy:  0.9797
Precision: 0.9873
Recall:    0.9824
F1 Score:  0.9848
FPR:       0.0256
FNR:       0.0176

Confusion Matrix:
  TP: 7,488,945  FN:  134,457
  FP:   96,584  TN: 3,678,210
============================================================

